// Jest Snapshot v1, https://goo.gl/fbAQLP

exports[`Center should render correctly 1`] = `
<div
  style={
    Object {
      "alignItems": "center",
      "display": "flex",
      "justifyContent": "center",
      "width": "100%",
    }
  }
>
  COUCOU
</div>
`;
